// Editor map file, version 1

count 7

object MapData {
	mapName: ""
	lightmapStart: "0.000000, 0.000000"
	lightmapEnd: "0.000000, 0.000000"
}
object SoundPoint {
	ID: "0"
	name: ""
	position: "0.000000, 1.200000, 0.000000"
	parent: "-1"
	parallax: "1.000000"
	soundName: "explosion_distant1.wav"
	volume: "0.400000"
	spatial: "0"
	minDist: "1.000000"
	maxDist: "20.000000"
	autoStart: "0"
	loop: "0"
}
object CameraController {
	ID: "1"
	name: ""
	position: "-2.200000, 1.200000, 0.000000"
	parent: "-1"
	parallax: "1.000000"
	zoom: "1.000000"
	transTime: "2.000000"
	shakeIntensity: "0.200000"
	shakeDuration: "1.000000"
}
object SoundPoint {
	ID: "3"
	name: ""
	position: "0.000000, -1.200000, 0.000000"
	parent: "-1"
	parallax: "1.000000"
	soundName: "explosion_distant2.wav"
	volume: "0.400000"
	spatial: "0"
	minDist: "1.000000"
	maxDist: "20.000000"
	autoStart: "0"
	loop: "0"
}
object CameraController {
	ID: "5"
	name: ""
	position: "-2.200000, -1.200000, 0.000000"
	parent: "-1"
	parallax: "1.000000"
	zoom: "1.000000"
	transTime: "2.000000"
	shakeIntensity: "0.100000"
	shakeDuration: "1.300000"
}
object LogicRelay {
	ID: "6"
	name: ""
	position: "2.200000, 1.200000, 0.000000"
	parent: "-1"
	parallax: "1.000000"
	onTrigger: "0|Play sound|1|Shake|8|Trigger|"
	onAltTrigger: ""
	triggerOnStart: "1"
	delay: "12.000000"
}
object LogicRelay {
	ID: "8"
	name: ""
	position: "2.200000, -1.200000, 0.000000"
	parent: "-1"
	parallax: "1.000000"
	onTrigger: "3|Play sound|5|Shake|6|Trigger|"
	onAltTrigger: ""
	triggerOnStart: "0"
	delay: "16.000000"
}
